55
110433070572952242346432246767718285942590237357555606380008891875277701705731473925618404421867819924194229142447517901959200
43466557686937456435688527675040625802564660517371780402481729089536555417949051890403879840079255169295922593080322634775209689623239873322471161642996440906533187938298969649928516003704476137795166849228875