2 57 276660
58 284 275377
285 2999 276262
3000 7853 274416
8000 8999 275283
9000 9999 274804