40751275 40751515 40751517 40751696 40751757 40751805 40751868 40751936 40751938 40752045 40752047 40752108 40752110 40752176 40752178 40752221 40752226 40752274 40752287 40752289 40752350 40752398 40752416 40752418 40752461 40752463 40752466 40752468 40752514 40752516 40752529 40752531 40752597 40752638 40752640 40752642 40752658 40752695 40752703 40752706 40752708 40752751 40752756 40752769 40752771 40752798 40752804 40752814 40752819 40752837 40752839 40752867 40752880 40752882 40752884 40752935 40752937 40752946 40752948 40752991 40752993 40753009 40753011 40753038 40753040 40753044 40753046 40753054 40753056 40753059 40753061 40753079 40753107 40753109 40753122 40753124 40753127 40753169 40753172 40753175 40753177 40753188 40753190 40753219 40753219 40753220 40753222 40753225 40753233 40753235 40753251 40753280 40753286 40753288 40753296 40753299 40753301 40753328 40753344 40753349 