12063964 12063964 12063972 12063972 12063992 12063992 12064000 12064000 12064005 12064005 12064013 12064013 12064015 12064015 12064023 12064023 12064033 12064033 12064041 12064041 12064043 12064043 12064049 12064049 12064051 12064051 12064056 12064056 12064057 12064057 12064063 12064063 12064064 12064064 12064068 12064068 12064071 12064071 12064076 12064076 12064077 12064077 12064081 12064081 12064084 12064084 12064085 12064085 12064089 12064089 12064090 12064090 12064091 12064091 12064092 12064092 12064096 12064096 12064098 12064098 12064099 12064099 12064100 12064100 12064104 12064104 12064104 12064104 12064108 12064108 12064109 12064109 12064109 12064109 12064112 12064112 12064114 12064114 12064117 12064117 12064117 12064117 12064117 12064117 12064118 12064118 12064119 12064119 12064122 12064122 12064122 12064122 12064125 12064125 12064126 12064126 12064127 12064127 12064128 