abc__________________(acb)[234]{123____--}__________qwretqretrewcsv