__-__abWjeXDGm____m__7{__KN__We__swH]__{K__mov__LK__ik__6______vs__3Lkx__}qY(4I__)vM__T3NZ__h____fO)___b{Dbb__FLYf__Z4c._x__R7T4j__I__kl__E)1rJsZ__4S__ubu1u6jVdI__A__p2J4CW.V[____VK{____A7__lO9L__mS3Ln__8__M6bK____BH__Os__DI}jd_I____liZBV__AIi__wwTR3lVuHO__S8____Uu__zwm__Hlt__XkrRr__p__4k2XcK)]__MlRs____Y__Q__jvaFsZA______If__8__7cX____gyD__Fh7___b_______9oHuFOGbKw__IOo__S__u__Grf__VPf31uxb___kg(-uH____X99Yw6__s__m__s(tNF(jW.X[r__Xlb__ov____Wr1g__Py____{K07T____mlnsd7pjIglN__ONK4}__WOM__3QFG23__bGEqo3c__5Pdn__Q5__f__QFCz__e__]____o.2WU__iQojGO__ud__P3TXL(__-9__XDSrACI__A-n__N____P]vy__Dkf6L____zZ__iG____J_4]zYZxLVw6JHs__[__NWv6D}Ku__Lnlq____.__cUKs6[zq]__j5q1__}V__0O_0zWT-__kG4Z__}__nBC______MJPU__8____-w)fq1d-______ZYMdKF2T9__AtUugl)QVppM________BP]GC________vF9lybeosHB____}__jJn__f9__9b__}aigP58(t__(Vjev__r__7sE__Kzr8TaDE.__.N__jt__LOz__ZB__uwEiK7aVfA4([__WBw]F__qWd1r__{w3Ty-)______Ts1H7}____tmUdnW__8)_m____z7uX__0Y]7vZc__90}JbQTCbC____rnW__Jt__BdMGT__-1LuY____4__Y__IaZl(-__}hWp]rYA3AiLMRxX0nTCv__i7__ivV__Gf7jDLp8__5b-hY__uA__A}c__J6__T__jx}cD______)AqU____U8ci__aa)f__i)6qm71____xHQ____u850Nj6-a3iz__UF__d-e)__.OBr__zvhOH__5}2pY3]__Nj__ZlVrFJ}}X__cUF[zT__6__p6a__shF__xjJ4D____(__4__.7dke____dAuEW4__wdK__efc_wly8SDlp__rvjWRI__iIU]o2-IS______G}XQCs)pmGuy__t_____YIun}f__NNtS______Ds________V2E1__CoEsi____NNfgd__P2Nte]I____OxeJg______)Z__zSX9vycB__{[FYqc__ym]o______t__f____BOYLY____tw84________vE____O6E____HsMz]x_C__QC__AtX2ihsEZzAH1____pk)4T__}__ipnKNb__-CV3__m_sA__H3k____eD____4__u__D__o__M__aA__6v8wio-____((h__vO__cMMRf9tHdoRgQvlPWG__8b____bOYtjM__}(vSQW251.0TurTOLHK__a[__q__suT8__Yj8__ZU______H__smj0.4y____HmDsh__Zot5____d__FbydUFU8y__WkW__akt______jPQI____[I2)0eShIqq(SeDG_hU4Ey____B]____Q__S6__c__}9ERN.__XIm_02H____M____i__PSt__40__uOeU__7-__a__Bk______NtW__c__I-__Guaajwb____H__FOQ[eSLa_____ex(]]____yu2j__Jh__X__t6SirE)x__C__4B_____oLV__yDvUR]__Ee9W__av__9__3__A__ji__f(7t__aBe__pP__.mTe__r__z(6__Q___SmJ__]__(__C__wxZ(B6__1__6d__VFzj__6pn2__mFdUTNC__HHe1[LC____Kf[(mbmso____8__L9iY____r5__s__z__}HUT__f.__9____v8G__O..__A____]__L0Pd__kf__R__b__TbJO(_uIT__6__G__7____en[7zQ9Wl__Pci____5dAEfC(8Z__iATS__dJ(og____ko0____7______).jW__m6vJ)m.5nn__P__e7Lokcb__{)3A__V}p8j____R5f64MMJ__O____6__GY__1____I__ZXiS__vDs-GwxC__V__n__3(Xt1(____zSC]__{f-q__pS{iuIn]__k5ng]H__p__YR1____l____W1]0_q__HD5______G__Ey(yP8__)__P7q__W(P{68BwsJ__jf______Wk(TRJ(U__{Aqe____GU__jlSt1__tBBeEL6Br8rnX__ixhRKw__H__}D}__xH__Alq__uoZs______[i__P__nfDlIEO__Y]ej__x))pH__Bv__X____Y_____gj{b__(__08____tNIW__lz)RoH}lF__HE3Kq__TTo6XBc7__(__cty__QOjONX__l____b8-qR__(h__V]R______23Vkv-____b__u_______r9wY__he__2-__8h__p__ROp7__t7j(lplWd4KFCk__oD__sv______Pw__1____8__4__-JS__9xc(____h____M__zVriv__QX__GB__y6h)on__6__(nWEO__c9__T____Ge5I40U__T7__S5__dw347EseQw__0xOL___f____ZtaYzbo.8Iaex____TYvj]I{3P__wx__cB}H____gtqB4__NT]ih__-w__j__d__Osi.ojavOZyt[Q[U____J__-UIQp____B____kq.Ix]tEqLMR)Tzc.[OAJ____G____l__bOam__P______hd1m5Zn__[nf____xr4u____K2__3[Y__ZBqa__x__gR8rJxO4yv__b-__USK_8l4K9oO____PkV-9____P__4Mi______X8____Lk__xrW__E9i0v3____tckl)tCXD__H______vQ__.77gJLKl__oJLybn)__S____Kfe________Jsnq__LrkkC-8______7m________5Bbbl__H6__m[suN0cXaz__ln__gaz7J__WQ__HG[z__I]__ccj____MMWo__t]KFFDEkF]i7D____f__cY____zV9oUrLRyjpbz__WiuR__dw__llp__zIE}____C____N6MG[__baXxSSi__Ps______E]xu__D.__g__}O__g.____[____jEdj_f__ITTw7Y)__{w7__U3SKc(pl2l8__u_4M0__)No1fp__rWd____2Y-UXc__R__1g__a-{__JIgbbHWCkjJ.{sf1qG_8GBp_Gch__________x____3OJ)w__)____yrWA2__D__o__z__o]IysvA__JotEA}fh____U__i__F)KoSCkXB7RP__PX__zDE__WN____Z__tlie.z9____6q____[8inv__Fs__PWh__Sw8wD____2cYD___w.V2(__FY__wXRE)f__dBe__z{__S}a____aqlxW9VFZL5__}L]dqVVw)5e2ER__otQyJIceb8__WU_KUq__J____ZzJ5__Enp___3{__O__.zcI2__M__B__E.DZD__Dhc}F1kFY__L__Ok__jqaNYVD__NdS{BMi_i____{QA__P__Q____n__mTpn7wv__rPqg{CqKa__rD2T____w3{____4__xJg__jPqY__d3HxbhK__6Vv_n__)qTn1eKJ__Gf.HV__}__(0hqI____4hfS1I__QqkCY__A__Ge______fzO____g8h__t__wnO-__9O____3gt4t)__gKj(____fm__QSnX__6.w995}E__ctsdt7__1-tm__-bV______t8pO__r}__[______w__Y__cyBx__U_1Ib__E____fn__Xpx0____g9StJ__ExE}__Y__-____7d]30f8e8__{g-OnR8-i____7__H__2KZD__Wd[rAIo__{kg-Hlzd__uKNw7Hb)dvrvgYf_(W____qGt__q__3zyy__Y{__]oRneV____qQ[Z6__[__1n__d__I________5bnZcY4csl__eT__ee1__{p]____Bs____.bV__.WII__0__CXME____jhKl.__1V{______GOSKH]L4yj____[1U8__Ka__{____H]wIv__r__Q__[__4____QJC{4____J__6-O[______.S(COE3Rv__IWP______N__]____FQ1L__YuLL__8eS__IH_W____jdZ80__p2__}Jh__ao______9____bON[xYsh__ugnT(CVg{Cp______}E9QI4__[B__FGI__7j__dqQqth7__K____5M__________gn__HNtco8t-B(__nG__plD{__QY[3g(a__cJx____[________zE__Ur__ly___{Af__}__8___Nf-00VI____wZ__IC.S4fy}ZM}__oT)d__tByK____vgE____01nP___mvzE____5D__z______L__J__XIX______2U__2t__gxqGjEFtI__2__UJb__6-t__IDr_cn__i)EtfkP__DB__DEwKL[U17UvQ__bqExF____EXMIHjoUb__bI__}w(NO__K81__j9nlO0__V]0__5}HI_27.Jt__Dp-R__T______9F53(i4HNX2__ka__0LfgqasA9P8__GH__0R__}Oon]A____-R____6__xbCEj__.fF__.rb.0__keF______M8wI__mRtkI__Jl__E5t__pz3__p__(JGR__rDrH__jHppZG_nvkIA___7jS}CE8PavM5WAy__N____E0R______dw]Wfy__w____(6__FWQ__Hf____r__t__m__Zvpjezl[______w8K__5GNm__V__rf7v__4YzWJdZ__9H____D__yi__BEX7.w9l__oiL.__5__63312IVyK7______n__WVnY_3__3tzpcm_}__________f__5__n.NGm8a____3__dbx__H__{DQf__n__UC__97v}Fg__g____sasMMc__Ua____9qA__p__}RB-[gt______WG__CFDo-BdlC__FOf__3x__6G__YsaRj2EtvL__xRt__r_ZpW__.Mw__xqHgXBcbLxb__BrQIHRKx6__RKk(e__KqR3eWC__Zf__DL[p3______m0zRcK]t__5oIC__L8}Rc__}Qb0____x.9v____95_____MO.v____[GLfd__s6__k__bhotA9gO-1__0fS9PeL__4JcWyUO__________65R______Ni{_vc__QF)n[5zgR8U}__Xc__JU____aZf0I6Y__d__)De__Ze__DXQ__5__F9____6{E__q____ymFkF______2kyY__m__9w9K2__u7UORA__Ij3p__3O7__k__9pk______F7GNT____IrDU8vmGYN[q____iaG3o-l____gi____j6[2e]JBp2AYf__3E__B__pc]y______m__oykN5dWXGpi__jbMc__7S8)N.J-x__8rK__kcxog__Lc__idY7DN__{y.KhmJd2wAGM__EcE)jW____W0y______GW}__8r35qVDQhI__Y[0__HfX-(o____q__jISuc__6______toc__x3tc__4PN__(NL9__jlSO__MB7______37__qUn_dJ______x__Q__ZgW3W-8__(ZvyGvv__w3vdm__f__8____E__T7j______SkOe__Nh3k___E4(__4D__zO__2_T]M49Q__[X__BuONiPAOZM__lg]aH0__9V__JFA1__xE0EKf__eIDWnu__bxNHu)Ha__W__mBqR__QZ__V____dh__EGa__w6__b7PBP2____EFho______Ds[__O____]5k6yC__t)p__R__rgM____)c{yZ2__b}d__Sz4tiVg__4-MH__{____BW__60Wiw370TOc__tc.pekn__A}__7__Oc__rhN__iQ______2Y__KO__dYpsMW[cJToipC__BmeDL____0.M____X9MeF2wt)n______O{yba4-SNz__Dj2Bt__c]YZ5__vEYIFB__-[__J__Ua8__5__nXFq0mGAS8tv2YHbcZ6__]{u__O)__Jh6__Cl{lviHc__8__.ZL______1__6H1__XJ_e__P____uKk1__Z________K____k[Id__aTuhB__q(2kB__DvwMM3oV2V____xUeDuo4-]__Of2_24mlrZ____It__b__I9J)__5GBZVq__sXr1____iv1__A______MJ__CTyAz(Y____GJe____XlbwCp__g____6Mv}A]1__]RjXbnl__SFA__j.yG__]N8hC__YdD___kb____E5]L______d1)YkG5{-Xme____GCI43N2[WM__r9-L4K.__W__9__1]jM________Dc]J__8KA-__jZ)k_____irh____L__Wr__D8.n7L__iQ__Cf____Q________sFoR__3.b__fw2__o1wp)u__sK__P)__z__ODrc__-05sZ9]nyI4KkL__v______j-XdRi__5____)AO__WY6]n__Q____Me7kkX__R8Z__N5__v__Rx2__[vEhCb______c__9ICX____x9__mTZ]j(I3odB__[p6Oz((-fU[aR____(a(QpAxoKGMNfqb7(o__6(____nB____lVc-iv__0G18Qhs4a71GEFyJfvt__)__c__8-}__DGu__Nn{n__9]OL{__im}easX7B___Wg1z2____(Dwr__3J__bW7__A__4__afY____Mg__LGP__dNne__Ok____a(vi__________cG__2{__M____z__uRl__IWZx4yy__}__-lw__Asc.yquNKRQ__XxTpuf42Jd_v__1_pw)O8j3oKD__6__wpWl__SC__DL__.x7hmZIi]______G__yd7OZ__Xn[__G}5zaJeFBshxamuTRS__Y6Lq__U__hCZiUQ__Ui__cpYWT_G6____}GBblOSOK)z__V__q2__he__s5l.__av__C__{____bzS__Qx__Kg]]__N__7__D__-__h__h____}1el__ZK__}to__{(][1__[(3Ia____Fkhaw9__1I__Cq9XIg__zL__pMAD__iT__5uQa__g[kYS__7VOWSUDueA__4i0(tCW)BK__o__J______w-__E[__AeH__LgU____4OVy]___8zdG7A__mSnY(9mSh__A__Ic[eIq-qX3__g_2M-jW__56__xL.Wb7PkIo}}__cyR)__I____}.VbQ6EM__pQc__IkCL__.)u__-__9(__MKd__TanM____doI__JBxIsnz3____B5W0__v.____x[__uRXA__3O__XM6yp5____B__XE4__8gEnn__]d8t____t0__Ic__Ic__g1__p__GYl__}5__y{p055U__l__muu2kASw)___G)4m9[Yxtq..nic____J5j____(4____Dhsi__D__.)6)__uundFBfv}[sXfJ__EwC__6____Wxw8]hI(__.}pQQZYdv0__i__k____GuNAA____Z3__869__B1b__6hQbbLj}X__2iG__Ghv__{DW______32nt__C1E6)OI4__7{TA____{-Y__{VYWTR__4__KlMDK__t__Qt6___1lC__e__QMG]pU__UBCCF__T__YhJB__G__-______U)__nvw28__0oCVDkw__TgV}AJ[t7S__A7R-F7s__S933qni[s.D{t2JN68k}fc____7}CK____9m5w]xE__bay2}y__KtYEj__pP]Cr6__81(3r2KlW9pRk__YI__[m)UEG)-oFV__Dpb__OAm__6q________P__E8__oz__iXJ_x____M{i[E__c__kS__EUjf-ij[k__MK-{___g__uO____-____lTz(D__nY__aR53kU__T__l__.7__70ti8l__cBp__j__c____KkAh__zJgv____6[a____P6mHd____kdK1ldo__TU__MK2______R__99__nI__oWW__________{GVV}____b2Ze__j__zYdj5__{P__oLw__KS__J__e9RW__GlV2__Qv__Z__}__ZA[z__]____]cNm__VfWFlN}tVw)__-__A__Dck2zD4hFKeA__________A__QcV__U1kO__)__g3T__qqqRmSmuOf__H__S__t__6__LmLg.eE__0__67pO{__m____.1)ccy__Aav6__{-x-__heap_t_____]__{__F__H__6Y__umhO____-1)918__0m85nOK3__}Z_q__OSHu4t3G7O__NRs}____trg______Ab__E__RN__sD__wy____I2C-__i__i-__wDE__KwAf3PF8SFm__lV____86V[.5___Uj__wVW__HT__JUzMsd)______}4p__b__cgfzktir_pu6]zL{__cs6hRfh[__ftGRCnx__XwgW__F.jvE[__]Zsdr3(BeEx6i}Ef__4OS(________tz6[(x____3_____bu__wu5__4t{wsQ4W__D5C______]71__d__nm7zYStzrrPKNLJ__)__BFp8__-Z__x[OA____h}________v__R0__3u__Ec2LvYIHteYJ8u8q__OaLVasnB_t5RlRuIUmhM..i}__9g__OYQ3]____B__V_8B)__Ih__1wC____r____ZI2Hf__6WjWwzImEMso____m3X.p2v)p9(tEU_____0l4__BpzU57HlE0yflph9.kPD4Owf____d__xMsip__X-H19L0____[__L__4__LXLl9Qmq__AP8{___vckGa__8TfnI-_____5u__nW__0lsTn-__jbm____[u7nmdVP__f____rl__1__0kZr))__cod__0____F__cCT2__CI[.4mXO____Sja____J__T__i28a__cuFd____a__j(MBanx__rY__xO8__L__nm]__A__}__iqcU)ypYw____Y______X__4__Xk__EPdpF____pl__6nQf_____gk}4)__GX9OmM){__EAOMSXic4________nbO__icvJ______x0V1Qmb_0D____TS]__7.___Y3f}VPr[__ljTV__Qs{HHQe[1e____BI____qxB0UkP__xiUUf[Nj(__xpV__Nm____hf){GX8__6__D5____T3__IQ__6__QwB____UV2c____y__gWpAlo____}Zc)E__5y]a-.9[YK.CVQI__qQ__z__f__mvg______d)42Vp____4aQKu__Fe9__z__M__)GX__D3XI__C[__Q5B53__x_Aiv____wu____L__BIC9m__P________W6w1T6}__p6Ewz(__dyOag__uTzBXh8{SxW______MxE3__GdQ____vL__m__B__8__G__vK____p__Ai__ydx3RLCne__M-CyjQq__c__O)__j7iv__bJ.Tqvw____P](__Ca__ydgURHzoF[oM__ZI7}K____uhc(__a{DIBLjz________S__-____f__gC__M2jP____2____.ePXj(Snw{5____ra6Q0____P.d______L____7{7Kf__6X-__S34tL__b-uMKk_2rn4__z4xVM(__tK__F{{oGo0__U__5HlO__jdg)FZ)2AG__Pfq]e__8____C__c____FBdY__KM5zc__oS____9Wdvd]H__1J____G__qSJ.}__tk28p3CvBYBitIu____vby9)LK__H1F____6E3fL__[oN__jTT}VePT6.__Bth____B__6fKS4.o__-__]N____WJfKAVocCj7__xr____S9C7U____9OhX__8{[__4}FS__)__Q__DdtS4__}E____{[a__[M__L__ER____V-__IMU__as__M2__m__l1__y__Emao2ePT______5s}r__JYh0}__Ctn______3h.__K__.qSnNOspXboR]uc__o__o____ZwO____[J____R__bT____6WWA__2]Vut__l7z__F__M_uGC__{__{5c________[__ArIbS____XQMiqz4Z2XuY0H-__kZFdn5L]OAspRh____4rL____i_____0GT____DdkXkIt20A____t____dzE5D__6L__.__I__hu__Uxq9__)-____cvp6KqcG__flVjI1nmAF(D____y4__x__vPZ__)______YF.}____V456__hMJvAf}LiB__8t__hBizn__nBxE__k4KXhB__Glzz____X__s3H}V__R____h__P4Z__8i__V__)m2nksWa__Yu.____G}5n.V__4__T85FL3K____r7Zwb3__69[rwiQnA__l)_Cy____D__J__yf____{y.O____}]k__lv__6gaQ5cK3K{__qyPK__n____Qm5Vdw__4R__Y__6__mb__352n__{{UqnjPv______trW3Scz80__a6__Q__JPt1VTQ)rZRy__K3__JeN____e7BPsi__6__j_____V__QFF__uzue26(__Z)__B__nTJE7Z____BmWL.____R2]}__C{{aTOe(m6xC2______)AXh____[__xUqXQAxDv3L3e____C}__Uf__7__{fiJ____m__T____6Cgnf0____Gos9f{__r____Psd]dMGLZ__A{wR____Z__XQG3ojv____Fvgjc{U__Dacyl__t}iwKS__5-1.R__K__citJ{__OsR4o__cWQ______4P]tC__3G____RK__ye__0b(WvxyP__E_J__O9ll____gM____F____i__xh_aX__]gh__U__f____W__7En-e.__D__87l7Sm2__OPO__G__O__fLBeg__SucmRSJt__4FC__[Vch7a8mJOIK____G__MU__Cq____hIBod__0__w__vQBZe__2VLN1FPB__jDp______r__lOj]____smd__oAsrHQRh9____p0__H____j__4__jk____VcUR__3__DBc__uW__BH(__[jD4__G____(hEz__O__jE____-mM__VJ________0.rCKy.x__XYX]F__d____G____8sfw{sD__[7__n5r_5I__EwZ__I9RV_BJ39__2[yy__B]xSv__b__f8by8__d2__F__aIOb_B__k______Uz]5__7p__1xF________d1__k}__A____0(e______hl__U__X2__8c){__sJ____w__Rt9x__-__J](Vqd__-gO44MjwK__82____4i__mZ)______MZ__Sa1.TR__02D91CxNPYUWIQDl__Pu__ZVePuE__sG____t.Z___ZFbRI__kN____E__NK__}Bcs__mg6F9}____O__X__lZ9z__H__Pn__vMxI4uIKC__frZxN__J__ePrZ4JhzNp__uMh2ixnEZD__9{nW}Y1T__L-62__ZH9x______U__M1____A6__nJZ4-__)__1ssH______]Hud____E____A__Fv43__Z8C___E__df[____89____M______ah-]__AQ__BMN9V__2____v6__Jr_hH.__tq__kqMsu75PJ1WowM____R9__p3__C[hE8__F__d3jhojfar__jSR__a-iK_ox_VIM__Ms____v__d__Vo__P__]mdn2Jw__JD__kQ__r__oQcT(n__M)Ngnc78k__m__P_26itVG[]__{Cg3oN__prg.__{P____ub2[qr__WAf__(Z1B__b__C[__X______O__aC8Qxu}V)Pts7ozG__dv}__OT9{MLp__P__Mob.MkD1_L__H__Iv__ulY__Zz7DNFXVnG-____E5YT__J5Gx__QqEa____J[{(s3]pA..__wEg92K____DnoDIeuHbO____4vF__G__NNk7C____G__Bf(__kJc____fhg____[__Sh____J__K2____h_h________9____MmoDlf)c)52XaFSY__oT]iq__J{Vl6arK__U8o__H__k._8__u____O6R__2-e__Mv____gf____Fj__kr__4]v]WxPf__xBKCl____K__-9-WLJVgh__(-G{V8.o__RC{_jgcJ__)__a__d__b[n(___{__.__G2BAt__]eM__t__8fWmoD__.A__s__s.__2P__3MZ__SqO{.rTM71K9P__h__B[K__f__[w[U__q5__-A-wgN__EpFJ[____y