测试个不得已醋阿萨abc__________________(acb)[234]{123____--}__________qwretqretrewcsv