328024550=13+34+144+6765+17711+46368+317811+5702887+14930352+39088169+267914296