469319361=1+5+21+55+144+610+17711+46368+196418+2178309+9227465+24157817+433494437