374660850=1+8+55+2584+6765+46368+832040+3524578+102334155+267914296