524562304=5+377+17711+121393+3524578+24157817+63245986+433494437