717590371=2+13+89+233+1597+6765+17711+75025+317811+832040+14930352+701408733