117034899=1+3+21+610+1597+10946+75025+514229+1346269+3524578+9227465+102334155