122702836=2+8+21+89+6765+46368+514229+1346269+3524578+14930352+102334155