817219700=3+13+55+144+377+2584+10946+196418+514229+3524578+9227465+102334155+701408733