254112821=2+5+13+55+233+610+6765+17711+75025+196418+832040+24157817+63245986+165580141