597145777=1+3+8+89+233+610+1597+4181+46368+196418+1346269+5702887+14930352+39088169+102334155+433494437