870739314=1+3+8+21+144+610+28657+196418+3524578+165580141+701408733