102525080=5+13+34+233+987+4181+17711+46368+121393+102334155