571886283=1+21+144+1597+6765+46368+121393+317811+2178309+9227465+24157817+102334155+433494437