311919573=3+34+233+610+1597+4181+10946+28657+1346269+3524578+39088169+267914296