862611517=1+21+144+987+6765+46368+121393+317811+832040+3524578+14930352+39088169+102334155+701408733