964231540=1+5+13+233+4181+17711+75025+514229+9227465+24157817+63245986+165580141+701408733