169348985=1+5+21+89+377+987+46368+196418+3524578+165580141