739831327=13+55+233+987+4181+10946+28657+121393+1346269+3524578+9227465+24157817+701408733