217851809=1+3+610+2584+6765+28657+75025+317811+3524578+9227465+39088169+165580141