424797039=1+3+8+89+610+4181+10946+514229+14930352+39088169+102334155+267914296